Archive member included to satisfy reference by file (symbol)

c:/users/hjhje/downloads/pmdsoftwarenion600/c-motionprp2sdk100/cmecode/gnu/bin/../lib/gcc/arm-none-eabi/9.3.1/../../../../arm-none-eabi/lib/thumb/v7e-m+dp/hard\libc.a(lib_a-malloc.o)
                              obj/GenericUserPacket.o (malloc)
c:/users/hjhje/downloads/pmdsoftwarenion600/c-motionprp2sdk100/cmecode/gnu/bin/../lib/gcc/arm-none-eabi/9.3.1/../../../../arm-none-eabi/lib/thumb/v7e-m+dp/hard\libc.a(lib_a-mallocr.o)
                              c:/users/hjhje/downloads/pmdsoftwarenion600/c-motionprp2sdk100/cmecode/gnu/bin/../lib/gcc/arm-none-eabi/9.3.1/../../../../arm-none-eabi/lib/thumb/v7e-m+dp/hard\libc.a(lib_a-malloc.o) (_malloc_r)
c:/users/hjhje/downloads/pmdsoftwarenion600/c-motionprp2sdk100/cmecode/gnu/bin/../lib/gcc/arm-none-eabi/9.3.1/../../../../arm-none-eabi/lib/thumb/v7e-m+dp/hard\libc.a(lib_a-memcpy.o)
                              obj/startup.o (memcpy)
c:/users/hjhje/downloads/pmdsoftwarenion600/c-motionprp2sdk100/cmecode/gnu/bin/../lib/gcc/arm-none-eabi/9.3.1/../../../../arm-none-eabi/lib/thumb/v7e-m+dp/hard\libc.a(lib_a-memset.o)
                              obj/PMDcommon.o (memset)
c:/users/hjhje/downloads/pmdsoftwarenion600/c-motionprp2sdk100/cmecode/gnu/bin/../lib/gcc/arm-none-eabi/9.3.1/../../../../arm-none-eabi/lib/thumb/v7e-m+dp/hard\libc.a(lib_a-mlock.o)
                              c:/users/hjhje/downloads/pmdsoftwarenion600/c-motionprp2sdk100/cmecode/gnu/bin/../lib/gcc/arm-none-eabi/9.3.1/../../../../arm-none-eabi/lib/thumb/v7e-m+dp/hard\libc.a(lib_a-mallocr.o) (__malloc_lock)
c:/users/hjhje/downloads/pmdsoftwarenion600/c-motionprp2sdk100/cmecode/gnu/bin/../lib/gcc/arm-none-eabi/9.3.1/../../../../arm-none-eabi/lib/thumb/v7e-m+dp/hard\libc.a(lib_a-printf.o)
                              obj/GenericUserPacket.o (printf)
c:/users/hjhje/downloads/pmdsoftwarenion600/c-motionprp2sdk100/cmecode/gnu/bin/../lib/gcc/arm-none-eabi/9.3.1/../../../../arm-none-eabi/lib/thumb/v7e-m+dp/hard\libc.a(lib_a-realloc.o)
                              obj/GenericUserPacket.o (realloc)
c:/users/hjhje/downloads/pmdsoftwarenion600/c-motionprp2sdk100/cmecode/gnu/bin/../lib/gcc/arm-none-eabi/9.3.1/../../../../arm-none-eabi/lib/thumb/v7e-m+dp/hard\libc.a(lib_a-reallocr.o)
                              c:/users/hjhje/downloads/pmdsoftwarenion600/c-motionprp2sdk100/cmecode/gnu/bin/../lib/gcc/arm-none-eabi/9.3.1/../../../../arm-none-eabi/lib/thumb/v7e-m+dp/hard\libc.a(lib_a-realloc.o) (_realloc_r)
c:/users/hjhje/downloads/pmdsoftwarenion600/c-motionprp2sdk100/cmecode/gnu/bin/../lib/gcc/arm-none-eabi/9.3.1/../../../../arm-none-eabi/lib/thumb/v7e-m+dp/hard\libc.a(lib_a-vfprintf.o)
                              c:/users/hjhje/downloads/pmdsoftwarenion600/c-motionprp2sdk100/cmecode/gnu/bin/../lib/gcc/arm-none-eabi/9.3.1/../../../../arm-none-eabi/lib/thumb/v7e-m+dp/hard\libc.a(lib_a-printf.o) (_vfprintf_r)
c:/users/hjhje/downloads/pmdsoftwarenion600/c-motionprp2sdk100/cmecode/gnu/bin/../lib/gcc/arm-none-eabi/9.3.1/../../../../arm-none-eabi/lib/thumb/v7e-m+dp/hard\libc.a(lib_a-wsetup.o)
                              c:/users/hjhje/downloads/pmdsoftwarenion600/c-motionprp2sdk100/cmecode/gnu/bin/../lib/gcc/arm-none-eabi/9.3.1/../../../../arm-none-eabi/lib/thumb/v7e-m+dp/hard\libc.a(lib_a-vfprintf.o) (__swsetup_r)
c:/users/hjhje/downloads/pmdsoftwarenion600/c-motionprp2sdk100/cmecode/gnu/bin/../lib/gcc/arm-none-eabi/9.3.1/../../../../arm-none-eabi/lib/thumb/v7e-m+dp/hard\libc.a(lib_a-dtoa.o)
                              c:/users/hjhje/downloads/pmdsoftwarenion600/c-motionprp2sdk100/cmecode/gnu/bin/../lib/gcc/arm-none-eabi/9.3.1/../../../../arm-none-eabi/lib/thumb/v7e-m+dp/hard\libc.a(lib_a-vfprintf.o) (_dtoa_r)
c:/users/hjhje/downloads/pmdsoftwarenion600/c-motionprp2sdk100/cmecode/gnu/bin/../lib/gcc/arm-none-eabi/9.3.1/../../../../arm-none-eabi/lib/thumb/v7e-m+dp/hard\libc.a(lib_a-fflush.o)
                              c:/users/hjhje/downloads/pmdsoftwarenion600/c-motionprp2sdk100/cmecode/gnu/bin/../lib/gcc/arm-none-eabi/9.3.1/../../../../arm-none-eabi/lib/thumb/v7e-m+dp/hard\libc.a(lib_a-vfprintf.o) (_fflush_r)
c:/users/hjhje/downloads/pmdsoftwarenion600/c-motionprp2sdk100/cmecode/gnu/bin/../lib/gcc/arm-none-eabi/9.3.1/../../../../arm-none-eabi/lib/thumb/v7e-m+dp/hard\libc.a(lib_a-findfp.o)
                              c:/users/hjhje/downloads/pmdsoftwarenion600/c-motionprp2sdk100/cmecode/gnu/bin/../lib/gcc/arm-none-eabi/9.3.1/../../../../arm-none-eabi/lib/thumb/v7e-m+dp/hard\libc.a(lib_a-vfprintf.o) (__sinit)
c:/users/hjhje/downloads/pmdsoftwarenion600/c-motionprp2sdk100/cmecode/gnu/bin/../lib/gcc/arm-none-eabi/9.3.1/../../../../arm-none-eabi/lib/thumb/v7e-m+dp/hard\libc.a(lib_a-freer.o)
                              c:/users/hjhje/downloads/pmdsoftwarenion600/c-motionprp2sdk100/cmecode/gnu/bin/../lib/gcc/arm-none-eabi/9.3.1/../../../../arm-none-eabi/lib/thumb/v7e-m+dp/hard\libc.a(lib_a-malloc.o) (_free_r)
[...]
Memory Configuration

Name             Origin             Length             Attributes
FLASH            0x08140000         0x00040000         xr
RAM              0x20010000         0x00010000         xrw
*default*        0x00000000         0xffffffff

Linker script and memory map

LOAD obj/UserImport.o
LOAD obj/GenericUserPacket.o
LOAD obj/C-Motion.o
LOAD obj/PMDtrans.o
LOAD obj/PMDdiag.o
LOAD obj/PMDcommon.o
LOAD obj/PMDutil.o
LOAD obj/startup.o
LOAD obj/syscalls.o
LOAD c:/users/hjhje/downloads/pmdsoftwarenion600/c-motionprp2sdk100/cmecode/gnu/bin/../lib/gcc/arm-none-eabi/9.3.1/../../../../arm-none-eabi/lib/thumb/v7e-m+dp/hard\libm.a
LOAD c:/users/hjhje/downloads/pmdsoftwarenion600/c-motionprp2sdk100/cmecode/gnu/bin/../lib/gcc/arm-none-eabi/9.3.1/../../../../arm-none-eabi/lib/thumb/v7e-m+dp/hard\libc.a
START GROUP
LOAD c:/users/hjhje/downloads/pmdsoftwarenion600/c-motionprp2sdk100/cmecode/gnu/bin/../lib/gcc/arm-none-eabi/9.3.1/thumb/v7e-m+dp/hard\libgcc.a
LOAD c:/users/hjhje/downloads/pmdsoftwarenion600/c-motionprp2sdk100/cmecode/gnu/bin/../lib/gcc/arm-none-eabi/9.3.1/../../../../arm-none-eabi/lib/thumb/v7e-m+dp/hard\libc.a
END GROUP

.text           0x08140000     0x3b58
 *(header)
 header         0x08140000        0xc obj/GenericUserPacket.o
 *(CMEversion)
 CMEversion     0x0814000c        0x4 obj/GenericUserPacket.o
 FILL mask 0xff
                0x00000018                . = 0x18
 *fill*         0x08140010        0x8 ff
 *(filename)
 filename       0x08140018        0x4 obj/GenericUserPacket.o
 *(fileversion)
 fileversion    0x0814001c        0x4 obj/GenericUserPacket.o
                0x00000020                . = 0x20
 *(date)
 date           0x08140020       0x16 obj/GenericUserPacket.o
                0x00000040                . = 0x40
 *fill*         0x08140036        0xa ff
 *(funcstart)
 funcstart      0x08140040        0x4 obj/GenericUserPacket.o
                0x00000060                . = 0x60
 *fill*         0x08140044       0x1c ff
 *(functable)
 functable      0x08140060        0x4 obj/GenericUserPacket.o
                0x08140068                . = (. + 0x4)
 *fill*         0x08140064        0x4 ff
 *(funcstack)
 funcstack      0x08140068        0x4 obj/GenericUserPacket.o
                0x08140070                . = (. + 0x4)
 *fill*         0x0814006c        0x4 ff
 *(funcnames)
 funcnames      0x08140070       0x12 obj/GenericUserPacket.o
 *(.text*)
 *fill*         0x08140082        0x2 ff
 .text.GenericUserPacket
                0x08140084      0x748 obj/GenericUserPacket.o
                0x08140084                GenericUserPacket
 .text.PMDGetErrorMessage
                0x081407cc      0x7dc obj/PMDdiag.o
                0x081407cc                PMDGetErrorMessage
 .text.PMDPeriphReceive
                0x08140fa8       0x52 obj/PMDcommon.o
                0x08140fa8                PMDPeriphReceive
 .text.PMDPeriphSend
                0x08140ffa       0x52 obj/PMDcommon.o
                0x08140ffa                PMDPeriphSend
 .text.PMDPeriphClose
                0x0814104c       0x4e obj/PMDcommon.o
                0x0814104c                PMDPeriphClose
 *fill*         0x0814109a        0x2 ff
 .text.CopyDataSectionToRAM
                0x0814109c       0x3c obj/startup.o
                0x0814109c                CopyDataSectionToRAM
 .text          0x081410d8      0x134 c:/users/hjhje/downloads/pmdsoftwarenion600/c-motionprp2sdk100/cmecode/gnu/bin/../lib/gcc/arm-none-eabi/9.3.1/../../../../arm-none-eabi/lib/thumb/v7e-m+dp/hard\libc.a(lib_a-memcpy.o)
                0x081410d8                memcpy
 .text.memset   0x0814120c       0xa0 c:/users/hjhje/downloads/pmdsoftwarenion600/c-motionprp2sdk100/cmecode/gnu/bin/../lib/gcc/arm-none-eabi/9.3.1/../../../../arm-none-eabi/lib/thumb/v7e-m+dp/hard\libc.a(lib_a-memset.o)
                0x0814120c                memset
 *(.rodata*)
 .rodata.UCFileName
                0x081412ac       0x14 obj/GenericUserPacket.o
 .rodata        0x081412c0      0x402 obj/GenericUserPacket.o
 *fill*         0x081416c2        0x2 ff
 .rodata        0x081416c4     0x2491 obj/PMDdiag.o
                0x08143b58                . = ALIGN (0x8)
 *fill*         0x08143b55        0x3 ff
                0x08143b58                _text_end = .

.glue_7         0x08143b58        0x0
 .glue_7        0x08143b58        0x0 linker stubs

.glue_7t        0x08143b58        0x0
 .glue_7t       0x08143b58        0x0 linker stubs

.vfp11_veneer   0x08143b58        0x0
 .vfp11_veneer  0x08143b58        0x0 linker stubs

.v4_bx          0x08143b58        0x0
 .v4_bx         0x08143b58        0x0 linker stubs

.iplt           0x08143b58        0x0
 .iplt          0x08143b58        0x0 obj/GenericUserPacket.o

.rel.dyn        0x08143b58        0x0
 .rel.iplt      0x08143b58        0x0 obj/GenericUserPacket.o

.data           0x20010000        0x0 load address 0x08143b58
                0x20010000                _data_start = .
 *(.data)
 *(.data*)
                0x20010000                . = ALIGN (0x8)
                0x20010000                _data_end = .

.igot.plt       0x20010000        0x0 load address 0x08143b58
 .igot.plt      0x20010000        0x0 obj/GenericUserPacket.o

.bss            0x20010000        0x0 load address 0x08143b58
                0x20010000                _bss_start = .
 *(.bss*)
 *(COMMON)
                0x20010000                . = ALIGN (0x8)
                0x20010000                end = .
                0x20010000                _end = .
                0x20010000                _bss_end = .
                0x00000000                _bss_size = SIZEOF (.bss)
                0x00000000                _data_size = SIZEOF (.data)
                0x08143b58                _data_load_start = LOADADDR (.data)
OUTPUT(GenericUserPacket.elf elf32-littlearm)
LOAD linker stubs

.comment        0x00000000       0x4c
 .comment       0x00000000       0x4c obj/GenericUserPacket.o
                                 0x4d (size before relaxing)
 .comment       0x0000004c       0x4d obj/PMDdiag.o
 .comment       0x0000004c       0x4d obj/PMDcommon.o
 .comment       0x0000004c       0x4d obj/startup.o

.ARM.attributes
                0x00000000       0x2e
 .ARM.attributes
                0x00000000       0x32 obj/GenericUserPacket.o
 .ARM.attributes
                0x00000032       0x32 obj/PMDdiag.o
 .ARM.attributes
                0x00000064       0x32 obj/PMDcommon.o
 .ARM.attributes
                0x00000096       0x32 obj/startup.o
 .ARM.attributes
                0x000000c8       0x1c c:/users/hjhje/downloads/pmdsoftwarenion600/c-motionprp2sdk100/cmecode/gnu/bin/../lib/gcc/arm-none-eabi/9.3.1/../../../../arm-none-eabi/lib/thumb/v7e-m+dp/hard\libc.a(lib_a-memcpy.o)
 .ARM.attributes
                0x000000e4       0x32 c:/users/hjhje/downloads/pmdsoftwarenion600/c-motionprp2sdk100/cmecode/gnu/bin/../lib/gcc/arm-none-eabi/9.3.1/../../../../arm-none-eabi/lib/thumb/v7e-m+dp/hard\libc.a(lib_a-memset.o)

.debug_frame    0x00000000       0x38
 .debug_frame   0x00000000       0x38 c:/users/hjhje/downloads/pmdsoftwarenion600/c-motionprp2sdk100/cmecode/gnu/bin/../lib/gcc/arm-none-eabi/9.3.1/../../../../arm-none-eabi/lib/thumb/v7e-m+dp/hard\libc.a(lib_a-memset.o)
