Archive member included to satisfy reference by file (symbol)

c:/users/hjhje/downloads/pmdsoftwarenion600/c-motionprp2sdk100/cmecode/gnu/bin/../lib/gcc/arm-none-eabi/9.3.1/../../../../arm-none-eabi/lib/thumb/v7e-m+dp/hard\libc.a(lib_a-malloc.o)
                              obj/PMDutil.o (malloc)
c:/users/hjhje/downloads/pmdsoftwarenion600/c-motionprp2sdk100/cmecode/gnu/bin/../lib/gcc/arm-none-eabi/9.3.1/../../../../arm-none-eabi/lib/thumb/v7e-m+dp/hard\libc.a(lib_a-mallocr.o)
                              c:/users/hjhje/downloads/pmdsoftwarenion600/c-motionprp2sdk100/cmecode/gnu/bin/../lib/gcc/arm-none-eabi/9.3.1/../../../../arm-none-eabi/lib/thumb/v7e-m+dp/hard\libc.a(lib_a-malloc.o) (_malloc_r)
c:/users/hjhje/downloads/pmdsoftwarenion600/c-motionprp2sdk100/cmecode/gnu/bin/../lib/gcc/arm-none-eabi/9.3.1/../../../../arm-none-eabi/lib/thumb/v7e-m+dp/hard\libc.a(lib_a-memcpy.o)
                              obj/startup.o (memcpy)
c:/users/hjhje/downloads/pmdsoftwarenion600/c-motionprp2sdk100/cmecode/gnu/bin/../lib/gcc/arm-none-eabi/9.3.1/../../../../arm-none-eabi/lib/thumb/v7e-m+dp/hard\libc.a(lib_a-memset.o)
                              obj/PMDcommon.o (memset)
c:/users/hjhje/downloads/pmdsoftwarenion600/c-motionprp2sdk100/cmecode/gnu/bin/../lib/gcc/arm-none-eabi/9.3.1/../../../../arm-none-eabi/lib/thumb/v7e-m+dp/hard\libc.a(lib_a-mlock.o)
                              c:/users/hjhje/downloads/pmdsoftwarenion600/c-motionprp2sdk100/cmecode/gnu/bin/../lib/gcc/arm-none-eabi/9.3.1/../../../../arm-none-eabi/lib/thumb/v7e-m+dp/hard\libc.a(lib_a-mallocr.o) (__malloc_lock)
c:/users/hjhje/downloads/pmdsoftwarenion600/c-motionprp2sdk100/cmecode/gnu/bin/../lib/gcc/arm-none-eabi/9.3.1/../../../../arm-none-eabi/lib/thumb/v7e-m+dp/hard\libc.a(lib_a-freer.o)
                              c:/users/hjhje/downloads/pmdsoftwarenion600/c-motionprp2sdk100/cmecode/gnu/bin/../lib/gcc/arm-none-eabi/9.3.1/../../../../arm-none-eabi/lib/thumb/v7e-m+dp/hard\libc.a(lib_a-malloc.o) (_free_r)
c:/users/hjhje/downloads/pmdsoftwarenion600/c-motionprp2sdk100/cmecode/gnu/bin/../lib/gcc/arm-none-eabi/9.3.1/../../../../arm-none-eabi/lib/thumb/v7e-m+dp/hard\libc.a(lib_a-impure.o)
                              c:/users/hjhje/downloads/pmdsoftwarenion600/c-motionprp2sdk100/cmecode/gnu/bin/../lib/gcc/arm-none-eabi/9.3.1/../../../../arm-none-eabi/lib/thumb/v7e-m+dp/hard\libc.a(lib_a-malloc.o) (_impure_ptr)
c:/users/hjhje/downloads/pmdsoftwarenion600/c-motionprp2sdk100/cmecode/gnu/bin/../lib/gcc/arm-none-eabi/9.3.1/../../../../arm-none-eabi/lib/thumb/v7e-m+dp/hard\libc.a(lib_a-lock.o)
                              c:/users/hjhje/downloads/pmdsoftwarenion600/c-motionprp2sdk100/cmecode/gnu/bin/../lib/gcc/arm-none-eabi/9.3.1/../../../../arm-none-eabi/lib/thumb/v7e-m+dp/hard\libc.a(lib_a-mlock.o) (__retarget_lock_acquire_recursive)

Allocating common symbols
Common symbol       size              file

__lock___atexit_recursive_mutex
                    0x1               c:/users/hjhje/downloads/pmdsoftwarenion600/c-motionprp2sdk100/cmecode/gnu/bin/../lib/gcc/arm-none-eabi/9.3.1/../../../../arm-none-eabi/lib/thumb/v7e-m+dp/hard\libc.a(lib_a-lock.o)
__lock___arc4random_mutex
                    0x1               c:/users/hjhje/downloads/pmdsoftwarenion600/c-motionprp2sdk100/cmecode/gnu/bin/../lib/gcc/arm-none-eabi/9.3.1/../../../../arm-none-eabi/lib/thumb/v7e-m+dp/hard\libc.a(lib_a-lock.o)
__lock___env_recursive_mutex
                    0x1               c:/users/hjhje/downloads/pmdsoftwarenion600/c-motionprp2sdk100/cmecode/gnu/bin/../lib/gcc/arm-none-eabi/9.3.1/../../../../arm-none-eabi/lib/thumb/v7e-m+dp/hard\libc.a(lib_a-lock.o)
__lock___sinit_recursive_mutex
                    0x1               c:/users/hjhje/downloads/pmdsoftwarenion600/c-motionprp2sdk100/cmecode/gnu/bin/../lib/gcc/arm-none-eabi/9.3.1/../../../../arm-none-eabi/lib/thumb/v7e-m+dp/hard\libc.a(lib_a-lock.o)
__lock___malloc_recursive_mutex
                    0x1               c:/users/hjhje/downloads/pmdsoftwarenion600/c-motionprp2sdk100/cmecode/gnu/bin/../lib/gcc/arm-none-eabi/9.3.1/../../../../arm-none-eabi/lib/thumb/v7e-m+dp/hard\libc.a(lib_a-lock.o)
hAxis1              0xc               obj/Hello.o
__lock___at_quick_exit_mutex
                    0x1               c:/users/hjhje/downloads/pmdsoftwarenion600/c-motionprp2sdk100/cmecode/gnu/bin/../lib/gcc/arm-none-eabi/9.3.1/../../../../arm-none-eabi/lib/thumb/v7e-m+dp/hard\libc.a(lib_a-lock.o)
__lock___dd_hash_mutex
                    0x1               c:/users/hjhje/downloads/pmdsoftwarenion600/c-motionprp2sdk100/cmecode/gnu/bin/../lib/gcc/arm-none-eabi/9.3.1/../../../../arm-none-eabi/lib/thumb/v7e-m+dp/hard\libc.a(lib_a-lock.o)
__lock___tz_mutex   0x1               c:/users/hjhje/downloads/pmdsoftwarenion600/c-motionprp2sdk100/cmecode/gnu/bin/../lib/gcc/arm-none-eabi/9.3.1/../../../../arm-none-eabi/lib/thumb/v7e-m+dp/hard\libc.a(lib_a-lock.o)
__lock___sfp_recursive_mutex
                    0x1               c:/users/hjhje/downloads/pmdsoftwarenion600/c-motionprp2sdk100/cmecode/gnu/bin/../lib/gcc/arm-none-eabi/9.3.1/../../../../arm-none-eabi/lib/thumb/v7e-m+dp/hard\libc.a(lib_a-lock.o)

Discarded input sections

 .text          0x00000000        0x0 obj/UserImport.o
 .data          0x00000000        0x0 obj/UserImport.o
 .bss           0x00000000        0x0 obj/UserImport.o
 .ARM.attributes
                0x00000000       0x1c obj/UserImport.o
 .text          0x00000000        0x0 obj/Hello.o
 .data          0x00000000        0x0 obj/Hello.o
 .bss           0x00000000        0x0 obj/Hello.o
 .text          0x00000000        0x0 obj/C-Motion.o
 .data          0x00000000        0x0 obj/C-Motion.o
 .bss           0x00000000        0x0 obj/C-Motion.o
 .text.PMDSetProfileMode
                0x00000000       0x22 obj/C-Motion.o
 .text.PMDGetProfileMode
                0x00000000       0x1e obj/C-Motion.o
 .text.PMDSetPosition
                0x00000000       0x20 obj/C-Motion.o
 .text.PMDGetPosition
                0x00000000       0x1e obj/C-Motion.o
 .text.PMDSetVelocity
                0x00000000       0x20 obj/C-Motion.o
 .text.PMDGetVelocity
                0x00000000       0x1e obj/C-Motion.o
 .text.PMDSetStartVelocity
                0x00000000       0x1e obj/C-Motion.o
 .text.PMDGetStartVelocity
                0x00000000       0x1e obj/C-Motion.o
 .text.PMDSetAcceleration
                0x00000000       0x1e obj/C-Motion.o
 .text.PMDGetAcceleration
                0x00000000       0x1e obj/C-Motion.o
 .text.PMDSetDeceleration
                0x00000000       0x1e obj/C-Motion.o
 .text.PMDGetDeceleration
                0x00000000       0x1e obj/C-Motion.o
 .text.PMDSetJerk
                0x00000000       0x1e obj/C-Motion.o
 .text.PMDGetJerk
                0x00000000       0x1e obj/C-Motion.o
 .text.PMDSetGearRatio
                0x00000000       0x20 obj/C-Motion.o
 .text.PMDGetGearRatio
                0x00000000       0x1e obj/C-Motion.o
 .text.PMDSetGearMaster
                0x00000000       0x42 obj/C-Motion.o
 .text.PMDGetGearMaster
                0x00000000       0x44 obj/C-Motion.o
 .text.PMDSetStopMode
                0x00000000       0x22 obj/C-Motion.o
 .text.PMDGetStopMode
                0x00000000       0x1e obj/C-Motion.o
 .text.PMDGetCommandedPosition
                0x00000000       0x1e obj/C-Motion.o
 .text.PMDGetCommandedVelocity
                0x00000000       0x1e obj/C-Motion.o
 .text.PMDGetCommandedAcceleration
                0x00000000       0x1e obj/C-Motion.o
 .text.PMDSetMotorLimit
                0x00000000       0x22 obj/C-Motion.o
 .text.PMDGetMotorLimit
                0x00000000       0x1e obj/C-Motion.o
 .text.PMDSetMotorBias
                0x00000000       0x22 obj/C-Motion.o
 .text.PMDGetMotorBias
                0x00000000       0x1e obj/C-Motion.o
 .text.PMDSetPositionErrorLimit
                0x00000000       0x1e obj/C-Motion.o
 .text.PMDGetPositionErrorLimit
                0x00000000       0x1e obj/C-Motion.o
 .text.PMDSetSettleTime
                0x00000000       0x22 obj/C-Motion.o
 .text.PMDGetSettleTime
                0x00000000       0x1e obj/C-Motion.o
 .text.PMDSetSettleWindow
                0x00000000       0x22 obj/C-Motion.o
 .text.PMDGetSettleWindow
                0x00000000       0x1e obj/C-Motion.o
 .text.PMDSetTrackingWindow
                0x00000000       0x22 obj/C-Motion.o
 .text.PMDGetTrackingWindow
                0x00000000       0x1e obj/C-Motion.o
 .text.PMDSetMotionCompleteMode
                0x00000000       0x22 obj/C-Motion.o
 .text.PMDGetMotionCompleteMode
                0x00000000       0x1e obj/C-Motion.o
 .text.PMDClearPositionError
                0x00000000       0x1a obj/C-Motion.o
 .text.PMDGetPositionError
                0x00000000       0x1e obj/C-Motion.o
 .text.PMDSetSampleTime
                0x00000000       0x1e obj/C-Motion.o
 .text.PMDGetSampleTime
                0x00000000       0x1e obj/C-Motion.o
 .text.PMDSetBreakpoint
                0x00000000       0x56 obj/C-Motion.o
 .text.PMDGetBreakpoint
                0x00000000       0x56 obj/C-Motion.o
 .text.PMDSetBreakpointValue
                0x00000000       0x24 obj/C-Motion.o
 .text.PMDGetBreakpointValue
                0x00000000       0x24 obj/C-Motion.o
 .text.PMDUpdate
                0x00000000       0x1a obj/C-Motion.o
 .text.PMDMultiUpdate
                0x00000000       0x22 obj/C-Motion.o
 .text.PMDSetInterruptMask
                0x00000000       0x22 obj/C-Motion.o
 .text.PMDGetInterruptMask
                0x00000000       0x1e obj/C-Motion.o
 .text.PMDClearInterrupt
                0x00000000       0x1a obj/C-Motion.o
 .text.PMDGetInterruptAxis
                0x00000000       0x1e obj/C-Motion.o
 .text.PMDResetEventStatus
                0x00000000       0x22 obj/C-Motion.o
 .text.PMDGetEventStatus
                0x00000000       0x1e obj/C-Motion.o
 .text.PMDGetActivityStatus
                0x00000000       0x1e obj/C-Motion.o
 .text.PMDSetSignalSense
                0x00000000       0x22 obj/C-Motion.o
 .text.PMDGetSignalSense
                0x00000000       0x1e obj/C-Motion.o
 .text.PMDGetSignalStatus
                0x00000000       0x1e obj/C-Motion.o
 .text.PMDAdjustActualPosition
                0x00000000       0x20 obj/C-Motion.o
 .text.PMDSetActualPosition
                0x00000000       0x20 obj/C-Motion.o
 .text.PMDSetActualPositionUnits
                0x00000000       0x22 obj/C-Motion.o
 .text.PMDGetActualPositionUnits
                0x00000000       0x1e obj/C-Motion.o
 .text.PMDSetCaptureSource
                0x00000000       0x22 obj/C-Motion.o
 .text.PMDGetCaptureSource
                0x00000000       0x1e obj/C-Motion.o
 .text.PMDGetEncoderSource
                0x00000000       0x1e obj/C-Motion.o
 .text.PMDSetAuxiliaryEncoderSource
                0x00000000       0x34 obj/C-Motion.o
 .text.PMDGetAuxiliaryEncoderSource
                0x00000000       0x40 obj/C-Motion.o
 .text.PMDSetEncoderModulus
                0x00000000       0x22 obj/C-Motion.o
 .text.PMDGetEncoderModulus
                0x00000000       0x1e obj/C-Motion.o
 .text.PMDSetEncoderToStepRatio
                0x00000000       0x26 obj/C-Motion.o
 .text.PMDGetEncoderToStepRatio
                0x00000000       0x22 obj/C-Motion.o
 .text.PMDGetActualVelocity
                0x00000000       0x1e obj/C-Motion.o
 .text.PMDGetCaptureValue
                0x00000000       0x1e obj/C-Motion.o
 .text.PMDSetMotorType
                0x00000000       0x22 obj/C-Motion.o
 .text.PMDGetMotorType
                0x00000000       0x2c obj/C-Motion.o
 .text.PMDSetMotorCommand
                0x00000000       0x22 obj/C-Motion.o
 .text.PMDGetMotorCommand
                0x00000000       0x1e obj/C-Motion.o
 .text.PMDGetActiveMotorCommand
                0x00000000       0x1e obj/C-Motion.o
 .text.PMDSetOutputMode
                0x00000000       0x22 obj/C-Motion.o
 .text.PMDGetOutputMode
                0x00000000       0x1e obj/C-Motion.o
 .text.PMDSetPWMFrequency
                0x00000000       0x22 obj/C-Motion.o
 .text.PMDGetPWMFrequency
                0x00000000       0x1e obj/C-Motion.o
 .text.PMDSetCommutationMode
                0x00000000       0x22 obj/C-Motion.o
 .text.PMDGetCommutationMode
                0x00000000       0x1e obj/C-Motion.o
 .text.PMDSetPhaseInitializeMode
                0x00000000       0x22 obj/C-Motion.o
 .text.PMDGetPhaseInitializeMode
                0x00000000       0x1e obj/C-Motion.o
 .text.PMDSetPhasePrescale
                0x00000000       0x22 obj/C-Motion.o
 .text.PMDGetPhasePrescale
                0x00000000       0x1e obj/C-Motion.o
 .text.PMDSetPhaseCounts
                0x00000000       0x22 obj/C-Motion.o
 .text.PMDGetPhaseCounts
                0x00000000       0x1e obj/C-Motion.o
 .text.PMDSetPhaseInitializeTime
                0x00000000       0x22 obj/C-Motion.o
 .text.PMDGetPhaseInitializeTime
                0x00000000       0x1e obj/C-Motion.o
 .text.PMDSetPhaseOffset
                0x00000000       0x22 obj/C-Motion.o
 .text.PMDGetPhaseOffset
                0x00000000       0x1e obj/C-Motion.o
 .text.PMDSetPhaseAngle
                0x00000000       0x22 obj/C-Motion.o
 .text.PMDGetPhaseAngle
                0x00000000       0x1e obj/C-Motion.o
 .text.PMDSetPhaseCorrectionMode
                0x00000000       0x22 obj/C-Motion.o
 .text.PMDGetPhaseCorrectionMode
                0x00000000       0x1e obj/C-Motion.o
 .text.PMDInitializePhase
                0x00000000       0x1a obj/C-Motion.o
 .text.PMDGetPhaseCommand
                0x00000000       0x24 obj/C-Motion.o
 .text.PMDSetBufferStart
                0x00000000       0x24 obj/C-Motion.o
 .text.PMDGetBufferStart
                0x00000000       0x24 obj/C-Motion.o
 .text.PMDSetBufferLength
                0x00000000       0x24 obj/C-Motion.o
 .text.PMDGetBufferLength
                0x00000000       0x24 obj/C-Motion.o
 .text.PMDWriteBuffer
                0x00000000       0x24 obj/C-Motion.o
 .text.PMDReadBuffer
                0x00000000       0x24 obj/C-Motion.o
 .text.PMDSetBufferWriteIndex
                0x00000000       0x24 obj/C-Motion.o
 .text.PMDGetBufferWriteIndex
                0x00000000       0x24 obj/C-Motion.o
 .text.PMDSetBufferReadIndex
                0x00000000       0x24 obj/C-Motion.o
 .text.PMDGetBufferReadIndex
                0x00000000       0x24 obj/C-Motion.o
 .text.PMDSetTraceMode
                0x00000000       0x22 obj/C-Motion.o
 .text.PMDGetTraceMode
                0x00000000       0x1e obj/C-Motion.o
 .text.PMDSetTracePeriod
                0x00000000       0x22 obj/C-Motion.o
 .text.PMDGetTracePeriod
                0x00000000       0x1e obj/C-Motion.o
 .text.PMDSetTraceVariable
                0x00000000       0x46 obj/C-Motion.o
 .text.PMDGetTraceVariable
                0x00000000       0x44 obj/C-Motion.o
 .text.PMDSetTraceStart
                0x00000000       0x6a obj/C-Motion.o
 .text.PMDGetTraceStart
                0x00000000       0x6c obj/C-Motion.o
 .text.PMDSetTraceStop
                0x00000000       0x6a obj/C-Motion.o
 .text.PMDGetTraceStop
                0x00000000       0x6c obj/C-Motion.o
 .text.PMDGetTraceStatus
                0x00000000       0x1e obj/C-Motion.o
 .text.PMDGetTraceCount
                0x00000000       0x1e obj/C-Motion.o
 .text.PMDGetTraceValue
                0x00000000       0x26 obj/C-Motion.o
 .text.PMDWriteIO
                0x00000000       0x26 obj/C-Motion.o
 .text.PMDReadIO
                0x00000000       0x24 obj/C-Motion.o
 .text.PMDReadAnalog
                0x00000000       0x24 obj/C-Motion.o
 .text.PMDReset
                0x00000000       0x1e obj/C-Motion.o
 .text.PMDNoOperation
                0x00000000       0x1a obj/C-Motion.o
 .text.PMDGetVersion
                0x00000000       0x90 obj/C-Motion.o
 .text.PMDGetVersion32
                0x00000000       0x1e obj/C-Motion.o
 .text.PMDGetInstructionError
                0x00000000       0x1e obj/C-Motion.o
 .text.PMDSetSerialPortMode
                0x00000000       0x5e obj/C-Motion.o
 .text.PMDGetSerialPortMode
                0x00000000       0x74 obj/C-Motion.o
 .text.PMDSetCANMode
                0x00000000       0x36 obj/C-Motion.o
 .text.PMDGetCANMode
                0x00000000       0x42 obj/C-Motion.o
 .text.PMDSetSPIMode
                0x00000000       0x22 obj/C-Motion.o
 .text.PMDGetSPIMode
                0x00000000       0x1e obj/C-Motion.o
 .text.PMDGetTime
                0x00000000       0x1e obj/C-Motion.o
 .text.PMDGetChecksum
                0x00000000       0x1e obj/C-Motion.o
 .text.PMDSetStepRange
                0x00000000       0x22 obj/C-Motion.o
 .text.PMDGetStepRange
                0x00000000       0x1e obj/C-Motion.o
 .text.PMDSetSynchronizationMode
                0x00000000       0x22 obj/C-Motion.o
 .text.PMDGetSynchronizationMode
                0x00000000       0x1e obj/C-Motion.o
 .text.PMDGetDriveStatus
                0x00000000       0x1e obj/C-Motion.o
 .text.PMDSetBreakpointUpdateMask
                0x00000000       0x26 obj/C-Motion.o
 .text.PMDGetBreakpointUpdateMask
                0x00000000       0x24 obj/C-Motion.o
 .text.PMDSetPositionLoop
                0x00000000       0x24 obj/C-Motion.o
 .text.PMDGetPositionLoop
                0x00000000       0x24 obj/C-Motion.o
 .text.PMDGetPositionLoopValue
                0x00000000       0x24 obj/C-Motion.o
 .text.PMDSetOperatingMode
                0x00000000       0x22 obj/C-Motion.o
 .text.PMDGetOperatingMode
                0x00000000       0x1e obj/C-Motion.o
 .text.PMDGetActiveOperatingMode
                0x00000000       0x1e obj/C-Motion.o
 .text.PMDRestoreOperatingMode
                0x00000000       0x1a obj/C-Motion.o
 .text.PMDSetCurrentFoldback
                0x00000000       0x26 obj/C-Motion.o
 .text.PMDGetCurrentFoldback
                0x00000000       0x24 obj/C-Motion.o
 .text.PMDSetHoldingCurrent
                0x00000000       0x26 obj/C-Motion.o
 .text.PMDGetHoldingCurrent
                0x00000000       0x24 obj/C-Motion.o
 .text.PMDSetCurrentControlMode
                0x00000000       0x22 obj/C-Motion.o
 .text.PMDGetCurrentControlMode
                0x00000000       0x1e obj/C-Motion.o
 .text.PMDSetAxisOutMask
                0x00000000       0x52 obj/C-Motion.o
 .text.PMDGetAxisOutMask
                0x00000000       0x50 obj/C-Motion.o
 .text.PMDSetEventAction
                0x00000000       0x26 obj/C-Motion.o
 .text.PMDGetEventAction
                0x00000000       0x24 obj/C-Motion.o
 .text.PMDSetBusVoltageLimits
                0x00000000       0x26 obj/C-Motion.o
 .text.PMDGetBusVoltageLimits
                0x00000000       0x24 obj/C-Motion.o
 .text.PMDGetBusVoltage
                0x00000000       0x1e obj/C-Motion.o
 .text.PMDSetOvertemperatureLimit
                0x00000000       0x22 obj/C-Motion.o
 .text.PMDGetOvertemperatureLimit
                0x00000000       0x1e obj/C-Motion.o
 .text.PMDGetTemperature
                0x00000000       0x1e obj/C-Motion.o
 .text.PMDClearDriveFaultStatus
                0x00000000       0x1a obj/C-Motion.o
 .text.PMDGetDriveFaultStatus
                0x00000000       0x1e obj/C-Motion.o
 .text.PMDSetUpdateMask
                0x00000000       0x22 obj/C-Motion.o
 .text.PMDGetUpdateMask
                0x00000000       0x1e obj/C-Motion.o
 .text.PMDSetCurrentLoop
                0x00000000       0x40 obj/C-Motion.o
 .text.PMDGetCurrentLoop
                0x00000000       0x38 obj/C-Motion.o
 .text.PMDGetCurrentLoopValue
                0x00000000       0x38 obj/C-Motion.o
 .text.PMDSetDefault
                0x00000000       0x24 obj/C-Motion.o
 .text.PMDGetDefault
                0x00000000       0x24 obj/C-Motion.o
 .text.PMDSetFOC
                0x00000000       0x40 obj/C-Motion.o
 .text.PMDGetFOC
                0x00000000       0x38 obj/C-Motion.o
 .text.PMDGetFOCValue
                0x00000000       0x38 obj/C-Motion.o
 .text.PMDSetFaultOutMask
                0x00000000       0x22 obj/C-Motion.o
 .text.PMDGetFaultOutMask
                0x00000000       0x1e obj/C-Motion.o
 .text.PMDGetCMotionVersion
                0x00000000       0x24 obj/C-Motion.o
 .text.PMDDriveNVRAM
                0x00000000       0x26 obj/C-Motion.o
 .text.PMDReadBuffer16
                0x00000000       0x24 obj/C-Motion.o
 .text.PMDSetCurrent
                0x00000000       0x26 obj/C-Motion.o
 .text.PMDGetCurrent
                0x00000000       0x24 obj/C-Motion.o
 .text.PMDSetDriveFaultParameter
                0x00000000       0x26 obj/C-Motion.o
 .text.PMDGetDriveFaultParameter
                0x00000000       0x24 obj/C-Motion.o
 .text.PMDSetDrivePWM
                0x00000000       0x26 obj/C-Motion.o
 .text.PMDGetDrivePWM
                0x00000000       0x24 obj/C-Motion.o
 .text.PMDSetFeedbackParameter
                0x00000000       0x24 obj/C-Motion.o
 .text.PMDGetFeedbackParameter
                0x00000000       0x24 obj/C-Motion.o
 .text.PMDSetAnalogCalibration
                0x00000000       0x26 obj/C-Motion.o
 .text.PMDGetAnalogCalibration
                0x00000000       0x24 obj/C-Motion.o
 .text.PMDGetDriveValue
                0x00000000       0x24 obj/C-Motion.o
 .text.PMDCalibrateAnalog
                0x00000000       0x22 obj/C-Motion.o
 .text.PMDSetLoop
                0x00000000       0x24 obj/C-Motion.o
 .text.PMDGetLoop
                0x00000000       0x24 obj/C-Motion.o
 .text.PMDGetLoopValue
                0x00000000       0x24 obj/C-Motion.o
 .text.PMDSetProfileParameter
                0x00000000       0x24 obj/C-Motion.o
 .text.PMDGetProfileParameter
                0x00000000       0x24 obj/C-Motion.o
 .text.PMDSetCommutationParameter
                0x00000000       0x24 obj/C-Motion.o
 .text.PMDGetCommutationParameter
                0x00000000       0x24 obj/C-Motion.o
 .text.PMDSetPhaseParameter
                0x00000000       0x26 obj/C-Motion.o
 .text.PMDGetPhaseParameter
                0x00000000       0x24 obj/C-Motion.o
 .text.PMDSetDriveCommandMode
                0x00000000       0x22 obj/C-Motion.o
 .text.PMDGetDriveCommandMode
                0x00000000       0x1e obj/C-Motion.o
 .text.PMDGetProductInfo
                0x00000000       0x24 obj/C-Motion.o
 .text.PMDGetRuntimeError
                0x00000000       0x1e obj/C-Motion.o
 .text.PMDSetCurrentLimit
                0x00000000       0x22 obj/C-Motion.o
 .text.PMDGetCurrentLimit
                0x00000000       0x1e obj/C-Motion.o
 .text.PMDExecutionControl
                0x00000000       0x24 obj/C-Motion.o
 .text          0x00000000        0x0 obj/PMDtrans.o
 .data          0x00000000        0x0 obj/PMDtrans.o
 .bss           0x00000000        0x0 obj/PMDtrans.o
 .text.SendCommand
                0x00000000       0x3e obj/PMDtrans.o
 .text.SendCommandWordWord
                0x00000000       0x54 obj/PMDtrans.o
 .text.SendCommandWordWordWord
                0x00000000       0x58 obj/PMDtrans.o
 .text.SendCommandLong
                0x00000000       0x4e obj/PMDtrans.o
 .text.SendCommandLongWord
                0x00000000       0x58 obj/PMDtrans.o
 .text.SendCommandWordLong
                0x00000000       0x56 obj/PMDtrans.o
 .text.SendCommandGetWord
                0x00000000       0x58 obj/PMDtrans.o
 .text.SendCommandGetWordWord
                0x00000000       0x60 obj/PMDtrans.o
 .text.SendCommandGetWordWordWord
                0x00000000       0x66 obj/PMDtrans.o
 .text.SendCommandGetWordLong
                0x00000000       0x66 obj/PMDtrans.o
 .text.SendCommandWordGetWord
                0x00000000       0x60 obj/PMDtrans.o
 .text.SendCommandWordGetLong
                0x00000000       0x66 obj/PMDtrans.o
 .text.SendCommandLongGetWord
                0x00000000       0x68 obj/PMDtrans.o
 .text.SendCommandWordWordGetWord
                0x00000000       0x6c obj/PMDtrans.o
 .text          0x00000000        0x0 obj/PMDdiag.o
 .data          0x00000000        0x0 obj/PMDdiag.o
 .bss           0x00000000        0x0 obj/PMDdiag.o
 .data.PMDOpcodeText
                0x00000000      0x400 obj/PMDdiag.o
 .text.PMDGetOpcodeText
                0x00000000       0x24 obj/PMDdiag.o
 .text.PMDGetResetCauseMessage
                0x00000000       0x84 obj/PMDdiag.o
 .text          0x00000000        0x0 obj/PMDcommon.o
 .data          0x00000000        0x0 obj/PMDcommon.o
 .bss           0x00000000        0x0 obj/PMDcommon.o
 .text.PMDPeriphReceiveEvent
                0x00000000       0x52 obj/PMDcommon.o
 .text.PMDPeriphReceive
                0x00000000       0x52 obj/PMDcommon.o
 .text.PMDPeriphSend
                0x00000000       0x52 obj/PMDcommon.o
 .text.PMDPeriphWrite
                0x00000000       0x4e obj/PMDcommon.o
 .text.PMDPeriphRead
                0x00000000       0x4e obj/PMDcommon.o
 .text.PMDPeriphOut
                0x00000000       0x20 obj/PMDcommon.o
 .text.PMDPeriphIn
                0x00000000       0x26 obj/PMDcommon.o
 .text.PMDPeriphClose
                0x00000000       0x4e obj/PMDcommon.o
 .text.PMDPeriphFlush
                0x00000000       0x50 obj/PMDcommon.o
 .text.PMDAtlasAxisOpen
                0x00000000       0x30 obj/PMDcommon.o
 .text.PMDAxisClose
                0x00000000       0x1c obj/PMDcommon.o
 .text.PMDMemoryClose
                0x00000000       0x4e obj/PMDcommon.o
 .text.PMDDeviceClose
                0x00000000       0x4e obj/PMDcommon.o
 .text.PMDDeviceGetEvent
                0x00000000       0xb8 obj/PMDcommon.o
 .text.PMDWaitForEventPoll
                0x00000000       0xf2 obj/PMDcommon.o
 .text.PMDWaitForEvent
                0x00000000       0x44 obj/PMDcommon.o
 .text.PMDMemoryRead
                0x00000000       0x58 obj/PMDcommon.o
 .text.PMDMemoryWrite
                0x00000000       0x58 obj/PMDcommon.o
 .text.PMDMemoryErase
                0x00000000       0x34 obj/PMDcommon.o
 .text.PMDMailboxSend
                0x00000000       0x3c obj/PMDcommon.o
 .text.PMDMailboxReceive
                0x00000000       0x3c obj/PMDcommon.o
 .text.PMDMailboxPeek
                0x00000000       0x3c obj/PMDcommon.o
 .text.PMDMailboxClose
                0x00000000       0x34 obj/PMDcommon.o
 .text.PMDDeviceOpenPeriphCANNodeID
                0x00000000       0x4e obj/PMDcommon.o
 .text.PMDEventOpenMotion
                0x00000000       0x22 obj/PMDcommon.o
 .text.PMDEventOpenDI
                0x00000000       0x36 obj/PMDcommon.o
 .text.PMDEventOpenTimer
                0x00000000       0x2e obj/PMDcommon.o
 .comment       0x00000000       0x4d obj/PMDcommon.o
 .ARM.attributes
                0x00000000       0x32 obj/PMDcommon.o
 .text          0x00000000        0x0 obj/PMDutil.o
 .data          0x00000000        0x0 obj/PMDutil.o
 .bss           0x00000000        0x0 obj/PMDutil.o
 .rodata        0x00000000      0x20c obj/PMDutil.o
 .text.PMDDeviceOpenPeriph
                0x00000000       0xb4 obj/PMDutil.o
 .text.SetupTrace
                0x00000000       0x7c obj/PMDutil.o
 .text.ReadBuffer
                0x00000000      0x10e obj/PMDutil.o
 .text.DisplayTraceResults
                0x00000000      0x1b4 obj/PMDutil.o
 .text.WaitForEvent
                0x00000000       0x9c obj/PMDutil.o
 .text.WaitForAlgorithmicPhaseInitialization
                0x00000000       0x40 obj/PMDutil.o
 .text.InitializePhase
                0x00000000       0x74 obj/PMDutil.o
 .text.WaitForAtlasToConnect
                0x00000000       0x58 obj/PMDutil.o
 .comment       0x00000000       0x4d obj/PMDutil.o
 .ARM.attributes
                0x00000000       0x32 obj/PMDutil.o
 .text          0x00000000        0x0 obj/startup.o
 .data          0x00000000        0x0 obj/startup.o
 .bss           0x00000000        0x0 obj/startup.o
 .text          0x00000000        0x0 obj/syscalls.o
 .data          0x00000000        0x0 obj/syscalls.o
 .bss           0x00000000        0x0 obj/syscalls.o
 .text._read_r  0x00000000       0x1c obj/syscalls.o
 .text._write_r
                0x00000000       0x26 obj/syscalls.o
 .text._close_r
                0x00000000       0x18 obj/syscalls.o
 .text._lseek_r
                0x00000000       0x1c obj/syscalls.o
 .text._fstat_r
                0x00000000       0x22 obj/syscalls.o
 .text._isatty  0x00000000       0x16 obj/syscalls.o
 .text.isatty   0x00000000       0x16 obj/syscalls.o
 .bss.heap_ptr  0x00000000        0x4 obj/syscalls.o
 .rodata        0x00000000        0xc obj/syscalls.o
 .text._sbrk_r  0x00000000       0x60 obj/syscalls.o
 .text._exit    0x00000000       0x10 obj/syscalls.o
 .text._getpid  0x00000000       0x10 obj/syscalls.o
 .text._kill    0x00000000       0x18 obj/syscalls.o
 .comment       0x00000000       0x4d obj/syscalls.o
 .ARM.attributes
                0x00000000       0x32 obj/syscalls.o
 .text          0x00000000        0x0 c:/users/hjhje/downloads/pmdsoftwarenion600/c-motionprp2sdk100/cmecode/gnu/bin/../lib/gcc/arm-none-eabi/9.3.1/../../../../arm-none-eabi/lib/thumb/v7e-m+dp/hard\libc.a(lib_a-malloc.o)
 .data          0x00000000        0x0 c:/users/hjhje/downloads/pmdsoftwarenion600/c-motionprp2sdk100/cmecode/gnu/bin/../lib/gcc/arm-none-eabi/9.3.1/../../../../arm-none-eabi/lib/thumb/v7e-m+dp/hard\libc.a(lib_a-malloc.o)
 .bss           0x00000000        0x0 c:/users/hjhje/downloads/pmdsoftwarenion600/c-motionprp2sdk100/cmecode/gnu/bin/../lib/gcc/arm-none-eabi/9.3.1/../../../../arm-none-eabi/lib/thumb/v7e-m+dp/hard\libc.a(lib_a-malloc.o)
 .text.malloc   0x00000000       0x10 c:/users/hjhje/downloads/pmdsoftwarenion600/c-motionprp2sdk100/cmecode/gnu/bin/../lib/gcc/arm-none-eabi/9.3.1/../../../../arm-none-eabi/lib/thumb/v7e-m+dp/hard\libc.a(lib_a-malloc.o)
 .text.free     0x00000000       0x10 c:/users/hjhje/downloads/pmdsoftwarenion600/c-motionprp2sdk100/cmecode/gnu/bin/../lib/gcc/arm-none-eabi/9.3.1/../../../../arm-none-eabi/lib/thumb/v7e-m+dp/hard\libc.a(lib_a-malloc.o)
 .debug_frame   0x00000000       0x30 c:/users/hjhje/downloads/pmdsoftwarenion600/c-motionprp2sdk100/cmecode/gnu/bin/../lib/gcc/arm-none-eabi/9.3.1/../../../../arm-none-eabi/lib/thumb/v7e-m+dp/hard\libc.a(lib_a-malloc.o)
 .ARM.attributes
                0x00000000       0x32 c:/users/hjhje/downloads/pmdsoftwarenion600/c-motionprp2sdk100/cmecode/gnu/bin/../lib/gcc/arm-none-eabi/9.3.1/../../../../arm-none-eabi/lib/thumb/v7e-m+dp/hard\libc.a(lib_a-malloc.o)
 .text          0x00000000        0x0 c:/users/hjhje/downloads/pmdsoftwarenion600/c-motionprp2sdk100/cmecode/gnu/bin/../lib/gcc/arm-none-eabi/9.3.1/../../../../arm-none-eabi/lib/thumb/v7e-m+dp/hard\libc.a(lib_a-mallocr.o)
 .data          0x00000000        0x0 c:/users/hjhje/downloads/pmdsoftwarenion600/c-motionprp2sdk100/cmecode/gnu/bin/../lib/gcc/arm-none-eabi/9.3.1/../../../../arm-none-eabi/lib/thumb/v7e-m+dp/hard\libc.a(lib_a-mallocr.o)
 .bss           0x00000000        0x0 c:/users/hjhje/downloads/pmdsoftwarenion600/c-motionprp2sdk100/cmecode/gnu/bin/../lib/gcc/arm-none-eabi/9.3.1/../../../../arm-none-eabi/lib/thumb/v7e-m+dp/hard\libc.a(lib_a-mallocr.o)
 .text._malloc_r
                0x00000000      0x574 c:/users/hjhje/downloads/pmdsoftwarenion600/c-motionprp2sdk100/cmecode/gnu/bin/../lib/gcc/arm-none-eabi/9.3.1/../../../../arm-none-eabi/lib/thumb/v7e-m+dp/hard\libc.a(lib_a-mallocr.o)
 .bss.__malloc_current_mallinfo
                0x00000000       0x28 c:/users/hjhje/downloads/pmdsoftwarenion600/c-motionprp2sdk100/cmecode/gnu/bin/../lib/gcc/arm-none-eabi/9.3.1/../../../../arm-none-eabi/lib/thumb/v7e-m+dp/hard\libc.a(lib_a-mallocr.o)
 .bss.__malloc_max_sbrked_mem
                0x00000000        0x4 c:/users/hjhje/downloads/pmdsoftwarenion600/c-motionprp2sdk100/cmecode/gnu/bin/../lib/gcc/arm-none-eabi/9.3.1/../../../../arm-none-eabi/lib/thumb/v7e-m+dp/hard\libc.a(lib_a-mallocr.o)
 .bss.__malloc_max_total_mem
                0x00000000        0x4 c:/users/hjhje/downloads/pmdsoftwarenion600/c-motionprp2sdk100/cmecode/gnu/bin/../lib/gcc/arm-none-eabi/9.3.1/../../../../arm-none-eabi/lib/thumb/v7e-m+dp/hard\libc.a(lib_a-mallocr.o)
 .bss.__malloc_top_pad
                0x00000000        0x4 c:/users/hjhje/downloads/pmdsoftwarenion600/c-motionprp2sdk100/cmecode/gnu/bin/../lib/gcc/arm-none-eabi/9.3.1/../../../../arm-none-eabi/lib/thumb/v7e-m+dp/hard\libc.a(lib_a-mallocr.o)
 .data.__malloc_av_
                0x00000000      0x408 c:/users/hjhje/downloads/pmdsoftwarenion600/c-motionprp2sdk100/cmecode/gnu/bin/../lib/gcc/arm-none-eabi/9.3.1/../../../../arm-none-eabi/lib/thumb/v7e-m+dp/hard\libc.a(lib_a-mallocr.o)
 .data.__malloc_sbrk_base
                0x00000000        0x4 c:/users/hjhje/downloads/pmdsoftwarenion600/c-motionprp2sdk100/cmecode/gnu/bin/../lib/gcc/arm-none-eabi/9.3.1/../../../../arm-none-eabi/lib/thumb/v7e-m+dp/hard\libc.a(lib_a-mallocr.o)
 .data.__malloc_trim_threshold
                0x00000000        0x4 c:/users/hjhje/downloads/pmdsoftwarenion600/c-motionprp2sdk100/cmecode/gnu/bin/../lib/gcc/arm-none-eabi/9.3.1/../../../../arm-none-eabi/lib/thumb/v7e-m+dp/hard\libc.a(lib_a-mallocr.o)
 .debug_frame   0x00000000       0x4c c:/users/hjhje/downloads/pmdsoftwarenion600/c-motionprp2sdk100/cmecode/gnu/bin/../lib/gcc/arm-none-eabi/9.3.1/../../../../arm-none-eabi/lib/thumb/v7e-m+dp/hard\libc.a(lib_a-mallocr.o)
 .ARM.attributes
                0x00000000       0x32 c:/users/hjhje/downloads/pmdsoftwarenion600/c-motionprp2sdk100/cmecode/gnu/bin/../lib/gcc/arm-none-eabi/9.3.1/../../../../arm-none-eabi/lib/thumb/v7e-m+dp/hard\libc.a(lib_a-mallocr.o)
 .data          0x00000000        0x0 c:/users/hjhje/downloads/pmdsoftwarenion600/c-motionprp2sdk100/cmecode/gnu/bin/../lib/gcc/arm-none-eabi/9.3.1/../../../../arm-none-eabi/lib/thumb/v7e-m+dp/hard\libc.a(lib_a-memcpy.o)
 .bss           0x00000000        0x0 c:/users/hjhje/downloads/pmdsoftwarenion600/c-motionprp2sdk100/cmecode/gnu/bin/../lib/gcc/arm-none-eabi/9.3.1/../../../../arm-none-eabi/lib/thumb/v7e-m+dp/hard\libc.a(lib_a-memcpy.o)
 .text          0x00000000        0x0 c:/users/hjhje/downloads/pmdsoftwarenion600/c-motionprp2sdk100/cmecode/gnu/bin/../lib/gcc/arm-none-eabi/9.3.1/../../../../arm-none-eabi/lib/thumb/v7e-m+dp/hard\libc.a(lib_a-memset.o)
 .data          0x00000000        0x0 c:/users/hjhje/downloads/pmdsoftwarenion600/c-motionprp2sdk100/cmecode/gnu/bin/../lib/gcc/arm-none-eabi/9.3.1/../../../../arm-none-eabi/lib/thumb/v7e-m+dp/hard\libc.a(lib_a-memset.o)
 .bss           0x00000000        0x0 c:/users/hjhje/downloads/pmdsoftwarenion600/c-motionprp2sdk100/cmecode/gnu/bin/../lib/gcc/arm-none-eabi/9.3.1/../../../../arm-none-eabi/lib/thumb/v7e-m+dp/hard\libc.a(lib_a-memset.o)
 .text          0x00000000        0x0 c:/users/hjhje/downloads/pmdsoftwarenion600/c-motionprp2sdk100/cmecode/gnu/bin/../lib/gcc/arm-none-eabi/9.3.1/../../../../arm-none-eabi/lib/thumb/v7e-m+dp/hard\libc.a(lib_a-mlock.o)
 .data          0x00000000        0x0 c:/users/hjhje/downloads/pmdsoftwarenion600/c-motionprp2sdk100/cmecode/gnu/bin/../lib/gcc/arm-none-eabi/9.3.1/../../../../arm-none-eabi/lib/thumb/v7e-m+dp/hard\libc.a(lib_a-mlock.o)
 .bss           0x00000000        0x0 c:/users/hjhje/downloads/pmdsoftwarenion600/c-motionprp2sdk100/cmecode/gnu/bin/../lib/gcc/arm-none-eabi/9.3.1/../../../../arm-none-eabi/lib/thumb/v7e-m+dp/hard\libc.a(lib_a-mlock.o)
 .text.__malloc_lock
                0x00000000        0xc c:/users/hjhje/downloads/pmdsoftwarenion600/c-motionprp2sdk100/cmecode/gnu/bin/../lib/gcc/arm-none-eabi/9.3.1/../../../../arm-none-eabi/lib/thumb/v7e-m+dp/hard\libc.a(lib_a-mlock.o)
 .text.__malloc_unlock
                0x00000000        0xc c:/users/hjhje/downloads/pmdsoftwarenion600/c-motionprp2sdk100/cmecode/gnu/bin/../lib/gcc/arm-none-eabi/9.3.1/../../../../arm-none-eabi/lib/thumb/v7e-m+dp/hard\libc.a(lib_a-mlock.o)
 .debug_frame   0x00000000       0x30 c:/users/hjhje/downloads/pmdsoftwarenion600/c-motionprp2sdk100/cmecode/gnu/bin/../lib/gcc/arm-none-eabi/9.3.1/../../../../arm-none-eabi/lib/thumb/v7e-m+dp/hard\libc.a(lib_a-mlock.o)
 .ARM.attributes
                0x00000000       0x32 c:/users/hjhje/downloads/pmdsoftwarenion600/c-motionprp2sdk100/cmecode/gnu/bin/../lib/gcc/arm-none-eabi/9.3.1/../../../../arm-none-eabi/lib/thumb/v7e-m+dp/hard\libc.a(lib_a-mlock.o)
 .text          0x00000000        0x0 c:/users/hjhje/downloads/pmdsoftwarenion600/c-motionprp2sdk100/cmecode/gnu/bin/../lib/gcc/arm-none-eabi/9.3.1/../../../../arm-none-eabi/lib/thumb/v7e-m+dp/hard\libc.a(lib_a-freer.o)
 .data          0x00000000        0x0 c:/users/hjhje/downloads/pmdsoftwarenion600/c-motionprp2sdk100/cmecode/gnu/bin/../lib/gcc/arm-none-eabi/9.3.1/../../../../arm-none-eabi/lib/thumb/v7e-m+dp/hard\libc.a(lib_a-freer.o)
 .bss           0x00000000        0x0 c:/users/hjhje/downloads/pmdsoftwarenion600/c-motionprp2sdk100/cmecode/gnu/bin/../lib/gcc/arm-none-eabi/9.3.1/../../../../arm-none-eabi/lib/thumb/v7e-m+dp/hard\libc.a(lib_a-freer.o)
 .text._malloc_trim_r
                0x00000000       0xa0 c:/users/hjhje/downloads/pmdsoftwarenion600/c-motionprp2sdk100/cmecode/gnu/bin/../lib/gcc/arm-none-eabi/9.3.1/../../../../arm-none-eabi/lib/thumb/v7e-m+dp/hard\libc.a(lib_a-freer.o)
 .text._free_r  0x00000000      0x208 c:/users/hjhje/downloads/pmdsoftwarenion600/c-motionprp2sdk100/cmecode/gnu/bin/../lib/gcc/arm-none-eabi/9.3.1/../../../../arm-none-eabi/lib/thumb/v7e-m+dp/hard\libc.a(lib_a-freer.o)
 .debug_frame   0x00000000       0x8c c:/users/hjhje/downloads/pmdsoftwarenion600/c-motionprp2sdk100/cmecode/gnu/bin/../lib/gcc/arm-none-eabi/9.3.1/../../../../arm-none-eabi/lib/thumb/v7e-m+dp/hard\libc.a(lib_a-freer.o)
 .ARM.attributes
                0x00000000       0x32 c:/users/hjhje/downloads/pmdsoftwarenion600/c-motionprp2sdk100/cmecode/gnu/bin/../lib/gcc/arm-none-eabi/9.3.1/../../../../arm-none-eabi/lib/thumb/v7e-m+dp/hard\libc.a(lib_a-freer.o)
 .text          0x00000000        0x0 c:/users/hjhje/downloads/pmdsoftwarenion600/c-motionprp2sdk100/cmecode/gnu/bin/../lib/gcc/arm-none-eabi/9.3.1/../../../../arm-none-eabi/lib/thumb/v7e-m+dp/hard\libc.a(lib_a-impure.o)
 .data          0x00000000        0x0 c:/users/hjhje/downloads/pmdsoftwarenion600/c-motionprp2sdk100/cmecode/gnu/bin/../lib/gcc/arm-none-eabi/9.3.1/../../../../arm-none-eabi/lib/thumb/v7e-m+dp/hard\libc.a(lib_a-impure.o)
 .bss           0x00000000        0x0 c:/users/hjhje/downloads/pmdsoftwarenion600/c-motionprp2sdk100/cmecode/gnu/bin/../lib/gcc/arm-none-eabi/9.3.1/../../../../arm-none-eabi/lib/thumb/v7e-m+dp/hard\libc.a(lib_a-impure.o)
 .data._impure_ptr
                0x00000000        0x4 c:/users/hjhje/downloads/pmdsoftwarenion600/c-motionprp2sdk100/cmecode/gnu/bin/../lib/gcc/arm-none-eabi/9.3.1/../../../../arm-none-eabi/lib/thumb/v7e-m+dp/hard\libc.a(lib_a-impure.o)
 .data.impure_data
                0x00000000      0x428 c:/users/hjhje/downloads/pmdsoftwarenion600/c-motionprp2sdk100/cmecode/gnu/bin/../lib/gcc/arm-none-eabi/9.3.1/../../../../arm-none-eabi/lib/thumb/v7e-m+dp/hard\libc.a(lib_a-impure.o)
 .rodata._global_impure_ptr
                0x00000000        0x4 c:/users/hjhje/downloads/pmdsoftwarenion600/c-motionprp2sdk100/cmecode/gnu/bin/../lib/gcc/arm-none-eabi/9.3.1/../../../../arm-none-eabi/lib/thumb/v7e-m+dp/hard\libc.a(lib_a-impure.o)
 .ARM.attributes
                0x00000000       0x30 c:/users/hjhje/downloads/pmdsoftwarenion600/c-motionprp2sdk100/cmecode/gnu/bin/../lib/gcc/arm-none-eabi/9.3.1/../../../../arm-none-eabi/lib/thumb/v7e-m+dp/hard\libc.a(lib_a-impure.o)
 .text          0x00000000        0x0 c:/users/hjhje/downloads/pmdsoftwarenion600/c-motionprp2sdk100/cmecode/gnu/bin/../lib/gcc/arm-none-eabi/9.3.1/../../../../arm-none-eabi/lib/thumb/v7e-m+dp/hard\libc.a(lib_a-lock.o)
 .data          0x00000000        0x0 c:/users/hjhje/downloads/pmdsoftwarenion600/c-motionprp2sdk100/cmecode/gnu/bin/../lib/gcc/arm-none-eabi/9.3.1/../../../../arm-none-eabi/lib/thumb/v7e-m+dp/hard\libc.a(lib_a-lock.o)
 .bss           0x00000000        0x0 c:/users/hjhje/downloads/pmdsoftwarenion600/c-motionprp2sdk100/cmecode/gnu/bin/../lib/gcc/arm-none-eabi/9.3.1/../../../../arm-none-eabi/lib/thumb/v7e-m+dp/hard\libc.a(lib_a-lock.o)
 .text.__retarget_lock_init
                0x00000000        0x4 c:/users/hjhje/downloads/pmdsoftwarenion600/c-motionprp2sdk100/cmecode/gnu/bin/../lib/gcc/arm-none-eabi/9.3.1/../../../../arm-none-eabi/lib/thumb/v7e-m+dp/hard\libc.a(lib_a-lock.o)
 .text.__retarget_lock_init_recursive
                0x00000000        0x4 c:/users/hjhje/downloads/pmdsoftwarenion600/c-motionprp2sdk100/cmecode/gnu/bin/../lib/gcc/arm-none-eabi/9.3.1/../../../../arm-none-eabi/lib/thumb/v7e-m+dp/hard\libc.a(lib_a-lock.o)
 .text.__retarget_lock_close
                0x00000000        0x4 c:/users/hjhje/downloads/pmdsoftwarenion600/c-motionprp2sdk100/cmecode/gnu/bin/../lib/gcc/arm-none-eabi/9.3.1/../../../../arm-none-eabi/lib/thumb/v7e-m+dp/hard\libc.a(lib_a-lock.o)
 .text.__retarget_lock_close_recursive
                0x00000000        0x4 c:/users/hjhje/downloads/pmdsoftwarenion600/c-motionprp2sdk100/cmecode/gnu/bin/../lib/gcc/arm-none-eabi/9.3.1/../../../../arm-none-eabi/lib/thumb/v7e-m+dp/hard\libc.a(lib_a-lock.o)
 .text.__retarget_lock_acquire
                0x00000000        0x4 c:/users/hjhje/downloads/pmdsoftwarenion600/c-motionprp2sdk100/cmecode/gnu/bin/../lib/gcc/arm-none-eabi/9.3.1/../../../../arm-none-eabi/lib/thumb/v7e-m+dp/hard\libc.a(lib_a-lock.o)
 .text.__retarget_lock_acquire_recursive
                0x00000000        0x4 c:/users/hjhje/downloads/pmdsoftwarenion600/c-motionprp2sdk100/cmecode/gnu/bin/../lib/gcc/arm-none-eabi/9.3.1/../../../../arm-none-eabi/lib/thumb/v7e-m+dp/hard\libc.a(lib_a-lock.o)
 .text.__retarget_lock_try_acquire
                0x00000000        0x4 c:/users/hjhje/downloads/pmdsoftwarenion600/c-motionprp2sdk100/cmecode/gnu/bin/../lib/gcc/arm-none-eabi/9.3.1/../../../../arm-none-eabi/lib/thumb/v7e-m+dp/hard\libc.a(lib_a-lock.o)
 .text.__retarget_lock_try_acquire_recursive
                0x00000000        0x4 c:/users/hjhje/downloads/pmdsoftwarenion600/c-motionprp2sdk100/cmecode/gnu/bin/../lib/gcc/arm-none-eabi/9.3.1/../../../../arm-none-eabi/lib/thumb/v7e-m+dp/hard\libc.a(lib_a-lock.o)
 .text.__retarget_lock_release
                0x00000000        0x4 c:/users/hjhje/downloads/pmdsoftwarenion600/c-motionprp2sdk100/cmecode/gnu/bin/../lib/gcc/arm-none-eabi/9.3.1/../../../../arm-none-eabi/lib/thumb/v7e-m+dp/hard\libc.a(lib_a-lock.o)
 .text.__retarget_lock_release_recursive
                0x00000000        0x4 c:/users/hjhje/downloads/pmdsoftwarenion600/c-motionprp2sdk100/cmecode/gnu/bin/../lib/gcc/arm-none-eabi/9.3.1/../../../../arm-none-eabi/lib/thumb/v7e-m+dp/hard\libc.a(lib_a-lock.o)
 .debug_frame   0x00000000       0xb0 c:/users/hjhje/downloads/pmdsoftwarenion600/c-motionprp2sdk100/cmecode/gnu/bin/../lib/gcc/arm-none-eabi/9.3.1/../../../../arm-none-eabi/lib/thumb/v7e-m+dp/hard\libc.a(lib_a-lock.o)
 .ARM.attributes
                0x00000000       0x32 c:/users/hjhje/downloads/pmdsoftwarenion600/c-motionprp2sdk100/cmecode/gnu/bin/../lib/gcc/arm-none-eabi/9.3.1/../../../../arm-none-eabi/lib/thumb/v7e-m+dp/hard\libc.a(lib_a-lock.o)
 COMMON         0x00000000       0x21 c:/users/hjhje/downloads/pmdsoftwarenion600/c-motionprp2sdk100/cmecode/gnu/bin/../lib/gcc/arm-none-eabi/9.3.1/../../../../arm-none-eabi/lib/thumb/v7e-m+dp/hard\libc.a(lib_a-lock.o)

Memory Configuration

Name             Origin             Length             Attributes
FLASH            0x08140000         0x00040000         xr
RAM              0x20010000         0x00010000         xrw
*default*        0x00000000         0xffffffff

Linker script and memory map

LOAD obj/UserImport.o
LOAD obj/Hello.o
LOAD obj/C-Motion.o
LOAD obj/PMDtrans.o
LOAD obj/PMDdiag.o
LOAD obj/PMDcommon.o
LOAD obj/PMDutil.o
LOAD obj/startup.o
LOAD obj/syscalls.o
LOAD c:/users/hjhje/downloads/pmdsoftwarenion600/c-motionprp2sdk100/cmecode/gnu/bin/../lib/gcc/arm-none-eabi/9.3.1/../../../../arm-none-eabi/lib/thumb/v7e-m+dp/hard\libm.a
LOAD c:/users/hjhje/downloads/pmdsoftwarenion600/c-motionprp2sdk100/cmecode/gnu/bin/../lib/gcc/arm-none-eabi/9.3.1/../../../../arm-none-eabi/lib/thumb/v7e-m+dp/hard\libc.a
START GROUP
LOAD c:/users/hjhje/downloads/pmdsoftwarenion600/c-motionprp2sdk100/cmecode/gnu/bin/../lib/gcc/arm-none-eabi/9.3.1/thumb/v7e-m+dp/hard\libgcc.a
LOAD c:/users/hjhje/downloads/pmdsoftwarenion600/c-motionprp2sdk100/cmecode/gnu/bin/../lib/gcc/arm-none-eabi/9.3.1/../../../../arm-none-eabi/lib/thumb/v7e-m+dp/hard\libc.a
END GROUP

.text           0x08140000     0x3198
 *(header)
 header         0x08140000        0xc obj/Hello.o
 *(CMEversion)
 CMEversion     0x0814000c        0x4 obj/Hello.o
 FILL mask 0xff
                0x00000018                . = 0x18
 *fill*         0x08140010        0x8 ff
 *(filename)
 filename       0x08140018        0x4 obj/Hello.o
 *(fileversion)
 fileversion    0x0814001c        0x4 obj/Hello.o
                0x00000020                . = 0x20
 *(date)
 date           0x08140020       0x16 obj/Hello.o
                0x00000040                . = 0x40
 *fill*         0x08140036        0xa ff
 *(funcstart)
 funcstart      0x08140040        0x4 obj/Hello.o
                0x00000060                . = 0x60
 *fill*         0x08140044       0x1c ff
 *(functable)
 functable      0x08140060        0x4 obj/Hello.o
                0x08140068                . = (. + 0x4)
 *fill*         0x08140064        0x4 ff
 *(funcstack)
 funcstack      0x08140068        0x4 obj/Hello.o
                0x08140070                . = (. + 0x4)
 *fill*         0x0814006c        0x4 ff
 *(funcnames)
 funcnames      0x08140070        0xb obj/Hello.o
 *(.text*)
 *fill*         0x0814007b        0x1 ff
 .text.HelloWorld
                0x0814007c       0xe0 obj/Hello.o
                0x0814007c                HelloWorld
 .text.PMDGetActualPosition
                0x0814015c       0x1e obj/C-Motion.o
                0x0814015c                PMDGetActualPosition
 .text.PMDSetEncoderSource
                0x0814017a       0x22 obj/C-Motion.o
                0x0814017a                PMDSetEncoderSource
 .text.BuildCommand
                0x0814019c       0x28 obj/PMDtrans.o
                0x0814019c                BuildCommand
 .text.SendCommandWord
                0x081401c4       0x46 obj/PMDtrans.o
                0x081401c4                SendCommandWord
 .text.SendCommandGetLong
                0x0814020a       0x5e obj/PMDtrans.o
                0x0814020a                SendCommandGetLong
 .text.PMDGetErrorMessage
                0x08140268      0x7dc obj/PMDdiag.o
                0x08140268                PMDGetErrorMessage
 .text.CopyDataSectionToRAM
                0x08140a44       0x3c obj/startup.o
                0x08140a44                CopyDataSectionToRAM
 .text          0x08140a80      0x134 c:/users/hjhje/downloads/pmdsoftwarenion600/c-motionprp2sdk100/cmecode/gnu/bin/../lib/gcc/arm-none-eabi/9.3.1/../../../../arm-none-eabi/lib/thumb/v7e-m+dp/hard\libc.a(lib_a-memcpy.o)
                0x08140a80                memcpy
 .text.memset   0x08140bb4       0xa0 c:/users/hjhje/downloads/pmdsoftwarenion600/c-motionprp2sdk100/cmecode/gnu/bin/../lib/gcc/arm-none-eabi/9.3.1/../../../../arm-none-eabi/lib/thumb/v7e-m+dp/hard\libc.a(lib_a-memset.o)
                0x08140bb4                memset
 *(.rodata*)
 .rodata.UCFileName
                0x08140c54        0x8 obj/Hello.o
 .rodata        0x08140c5c       0xa6 obj/Hello.o
 *fill*         0x08140d02        0x2 ff
 .rodata        0x08140d04     0x2491 obj/PMDdiag.o
                0x08143198                . = ALIGN (0x8)
 *fill*         0x08143195        0x3 ff
                0x08143198                _text_end = .

.glue_7         0x08143198        0x0
 .glue_7        0x08143198        0x0 linker stubs

.glue_7t        0x08143198        0x0
 .glue_7t       0x08143198        0x0 linker stubs

.vfp11_veneer   0x08143198        0x0
 .vfp11_veneer  0x08143198        0x0 linker stubs

.v4_bx          0x08143198        0x0
 .v4_bx         0x08143198        0x0 linker stubs

.iplt           0x08143198        0x0
 .iplt          0x08143198        0x0 obj/Hello.o

.rel.dyn        0x08143198        0x0
 .rel.iplt      0x08143198        0x0 obj/Hello.o

.data           0x20010000        0x0 load address 0x08143198
                0x20010000                _data_start = .
 *(.data)
 *(.data*)
                0x20010000                . = ALIGN (0x8)
                0x20010000                _data_end = .

.igot.plt       0x20010000        0x0 load address 0x08143198
 .igot.plt      0x20010000        0x0 obj/Hello.o

.bss            0x20010000       0x10 load address 0x08143198
                0x20010000                _bss_start = .
 *(.bss*)
 *(COMMON)
 COMMON         0x20010000        0xc obj/Hello.o
                0x20010000                hAxis1
                0x20010010                . = ALIGN (0x8)
 *fill*         0x2001000c        0x4 
                0x20010010                end = .
                0x20010010                _end = .
                0x20010010                _bss_end = .
                0x00000010                _bss_size = SIZEOF (.bss)
                0x00000000                _data_size = SIZEOF (.data)
                0x08143198                _data_load_start = LOADADDR (.data)
OUTPUT(Hello.elf elf32-littlearm)
LOAD linker stubs

.comment        0x00000000       0x4c
 .comment       0x00000000       0x4c obj/Hello.o
                                 0x4d (size before relaxing)
 .comment       0x0000004c       0x4d obj/C-Motion.o
 .comment       0x0000004c       0x4d obj/PMDtrans.o
 .comment       0x0000004c       0x4d obj/PMDdiag.o
 .comment       0x0000004c       0x4d obj/startup.o

.ARM.attributes
                0x00000000       0x2e
 .ARM.attributes
                0x00000000       0x32 obj/Hello.o
 .ARM.attributes
                0x00000032       0x32 obj/C-Motion.o
 .ARM.attributes
                0x00000064       0x32 obj/PMDtrans.o
 .ARM.attributes
                0x00000096       0x32 obj/PMDdiag.o
 .ARM.attributes
                0x000000c8       0x32 obj/startup.o
 .ARM.attributes
                0x000000fa       0x1c c:/users/hjhje/downloads/pmdsoftwarenion600/c-motionprp2sdk100/cmecode/gnu/bin/../lib/gcc/arm-none-eabi/9.3.1/../../../../arm-none-eabi/lib/thumb/v7e-m+dp/hard\libc.a(lib_a-memcpy.o)
 .ARM.attributes
                0x00000116       0x32 c:/users/hjhje/downloads/pmdsoftwarenion600/c-motionprp2sdk100/cmecode/gnu/bin/../lib/gcc/arm-none-eabi/9.3.1/../../../../arm-none-eabi/lib/thumb/v7e-m+dp/hard\libc.a(lib_a-memset.o)

.debug_frame    0x00000000       0x38
 .debug_frame   0x00000000       0x38 c:/users/hjhje/downloads/pmdsoftwarenion600/c-motionprp2sdk100/cmecode/gnu/bin/../lib/gcc/arm-none-eabi/9.3.1/../../../../arm-none-eabi/lib/thumb/v7e-m+dp/hard\libc.a(lib_a-memset.o)
